============================================================
Polymarket BTC Up/Down Paper Trading Bot
============================================================
Fetching 2000 candles from KuCoin...
  Fetched batch, total: 1500 candles
  Fetched batch, total: 3000 candles
Total unique candles: 3000
Training XGBoost model...
  Training samples: 1949, up ratio: 0.522, regime: normal
  Model trained (#1)

Bot started. Last candle: 2026-02-19 17:40:00+00:00
Waiting for next 5-min candle...


[17:45] 🔴 PREDICT DOWN | conf=0.728 | BTC=$66,626 | market=N/A

❌ Error: Object of type float32 is not JSON serializable
Traceback (most recent call last):
  File "/home/node/.openclaw/workspace/polymarket-predictor/predictor.py", line 442, in main
    save_results(results)
  File "/home/node/.openclaw/workspace/polymarket-predictor/predictor.py", line 349, in save_results
    json.dump(results, f, indent=2)
  File "/usr/lib/python3.11/json/__init__.py", line 179, in dump
    for chunk in iterable:
  File "/usr/lib/python3.11/json/encoder.py", line 432, in _iterencode
    yield from _iterencode_dict(o, _current_indent_level)
  File "/usr/lib/python3.11/json/encoder.py", line 406, in _iterencode_dict
    yield from chunks
  File "/usr/lib/python3.11/json/encoder.py", line 326, in _iterencode_list
    yield from chunks
  File "/usr/lib/python3.11/json/encoder.py", line 406, in _iterencode_dict
    yield from chunks
  File "/usr/lib/python3.11/json/encoder.py", line 439, in _iterencode
    o = _default(o)
        ^^^^^^^^^^^
  File "/usr/lib/python3.11/json/encoder.py", line 180, in default
    raise TypeError(f'Object of type {o.__class__.__name__} '
TypeError: Object of type float32 is not JSON serializable

❌ Error: Object of type float32 is not JSON serializable
Traceback (most recent call last):
  File "/home/node/.openclaw/workspace/polymarket-predictor/predictor.py", line 442, in main
    save_results(results)
  File "/home/node/.openclaw/workspace/polymarket-predictor/predictor.py", line 349, in save_results
    json.dump(results, f, indent=2)
  File "/usr/lib/python3.11/json/__init__.py", line 179, in dump
    for chunk in iterable:
  File "/usr/lib/python3.11/json/encoder.py", line 432, in _iterencode
    yield from _iterencode_dict(o, _current_indent_level)
  File "/usr/lib/python3.11/json/encoder.py", line 406, in _iterencode_dict
    yield from chunks
  File "/usr/lib/python3.11/json/encoder.py", line 326, in _iterencode_list
    yield from chunks
  File "/usr/lib/python3.11/json/encoder.py", line 406, in _iterencode_dict
    yield from chunks
  File "/usr/lib/python3.11/json/encoder.py", line 439, in _iterencode
    o = _default(o)
        ^^^^^^^^^^^
  File "/usr/lib/python3.11/json/encoder.py", line 180, in default
    raise TypeError(f'Object of type {o.__class__.__name__} '
TypeError: Object of type float32 is not JSON serializable

❌ Error: Object of type float32 is not JSON serializable
Traceback (most recent call last):
  File "/home/node/.openclaw/workspace/polymarket-predictor/predictor.py", line 442, in main
    save_results(results)
  File "/home/node/.openclaw/workspace/polymarket-predictor/predictor.py", line 349, in save_results
    json.dump(results, f, indent=2)
  File "/usr/lib/python3.11/json/__init__.py", line 179, in dump
    for chunk in iterable:
  File "/usr/lib/python3.11/json/encoder.py", line 432, in _iterencode
    yield from _iterencode_dict(o, _current_indent_level)
  File "/usr/lib/python3.11/json/encoder.py", line 406, in _iterencode_dict
    yield from chunks
  File "/usr/lib/python3.11/json/encoder.py", line 326, in _iterencode_list
    yield from chunks
  File "/usr/lib/python3.11/json/encoder.py", line 406, in _iterencode_dict
    yield from chunks
  File "/usr/lib/python3.11/json/encoder.py", line 439, in _iterencode
    o = _default(o)
        ^^^^^^^^^^^
  File "/usr/lib/python3.11/json/encoder.py", line 180, in default
    raise TypeError(f'Object of type {o.__class__.__name__} '
TypeError: Object of type float32 is not JSON serializable

❌ Error: Object of type float32 is not JSON serializable
Traceback (most recent call last):
  File "/home/node/.openclaw/workspace/polymarket-predictor/predictor.py", line 442, in main
    save_results(results)
  File "/home/node/.openclaw/workspace/polymarket-predictor/predictor.py", line 349, in save_results
    json.dump(results, f, indent=2)
  File "/usr/lib/python3.11/json/__init__.py", line 179, in dump
    for chunk in iterable:
  File "/usr/lib/python3.11/json/encoder.py", line 432, in _iterencode
    yield from _iterencode_dict(o, _current_indent_level)
  File "/usr/lib/python3.11/json/encoder.py", line 406, in _iterencode_dict
    yield from chunks
  File "/usr/lib/python3.11/json/encoder.py", line 326, in _iterencode_list
    yield from chunks
  File "/usr/lib/python3.11/json/encoder.py", line 406, in _iterencode_dict
    yield from chunks
  File "/usr/lib/python3.11/json/encoder.py", line 439, in _iterencode
    o = _default(o)
        ^^^^^^^^^^^
  File "/usr/lib/python3.11/json/encoder.py", line 180, in default
    raise TypeError(f'Object of type {o.__class__.__name__} '
TypeError: Object of type float32 is not JSON serializable

❌ Error: Object of type float32 is not JSON serializable
Traceback (most recent call last):
  File "/home/node/.openclaw/workspace/polymarket-predictor/predictor.py", line 442, in main
    save_results(results)
  File "/home/node/.openclaw/workspace/polymarket-predictor/predictor.py", line 349, in save_results
    json.dump(results, f, indent=2)
  File "/usr/lib/python3.11/json/__init__.py", line 179, in dump
    for chunk in iterable:
  File "/usr/lib/python3.11/json/encoder.py", line 432, in _iterencode
    yield from _iterencode_dict(o, _current_indent_level)
  File "/usr/lib/python3.11/json/encoder.py", line 406, in _iterencode_dict
    yield from chunks
  File "/usr/lib/python3.11/json/encoder.py", line 326, in _iterencode_list
    yield from chunks
  File "/usr/lib/python3.11/json/encoder.py", line 406, in _iterencode_dict
    yield from chunks
  File "/usr/lib/python3.11/json/encoder.py", line 439, in _iterencode
    o = _default(o)
        ^^^^^^^^^^^
  File "/usr/lib/python3.11/json/encoder.py", line 180, in default
    raise TypeError(f'Object of type {o.__class__.__name__} '
TypeError: Object of type float32 is not JSON serializable

❌ Error: Object of type float32 is not JSON serializable
Traceback (most recent call last):
  File "/home/node/.openclaw/workspace/polymarket-predictor/predictor.py", line 442, in main
    save_results(results)
  File "/home/node/.openclaw/workspace/polymarket-predictor/predictor.py", line 349, in save_results
    json.dump(results, f, indent=2)
  File "/usr/lib/python3.11/json/__init__.py", line 179, in dump
    for chunk in iterable:
  File "/usr/lib/python3.11/json/encoder.py", line 432, in _iterencode
    yield from _iterencode_dict(o, _current_indent_level)
  File "/usr/lib/python3.11/json/encoder.py", line 406, in _iterencode_dict
    yield from chunks
  File "/usr/lib/python3.11/json/encoder.py", line 326, in _iterencode_list
    yield from chunks
  File "/usr/lib/python3.11/json/encoder.py", line 406, in _iterencode_dict
    yield from chunks
  File "/usr/lib/python3.11/json/encoder.py", line 439, in _iterencode
    o = _default(o)
        ^^^^^^^^^^^
  File "/usr/lib/python3.11/json/encoder.py", line 180, in default
    raise TypeError(f'Object of type {o.__class__.__name__} '
TypeError: Object of type float32 is not JSON serializable

❌ Error: Object of type float32 is not JSON serializable
Traceback (most recent call last):
  File "/home/node/.openclaw/workspace/polymarket-predictor/predictor.py", line 442, in main
    save_results(results)
  File "/home/node/.openclaw/workspace/polymarket-predictor/predictor.py", line 349, in save_results
    json.dump(results, f, indent=2)
  File "/usr/lib/python3.11/json/__init__.py", line 179, in dump
    for chunk in iterable:
  File "/usr/lib/python3.11/json/encoder.py", line 432, in _iterencode
    yield from _iterencode_dict(o, _current_indent_level)
  File "/usr/lib/python3.11/json/encoder.py", line 406, in _iterencode_dict
    yield from chunks
  File "/usr/lib/python3.11/json/encoder.py", line 326, in _iterencode_list
    yield from chunks
  File "/usr/lib/python3.11/json/encoder.py", line 406, in _iterencode_dict
    yield from chunks
  File "/usr/lib/python3.11/json/encoder.py", line 439, in _iterencode
    o = _default(o)
        ^^^^^^^^^^^
  File "/usr/lib/python3.11/json/encoder.py", line 180, in default
    raise TypeError(f'Object of type {o.__class__.__name__} '
TypeError: Object of type float32 is not JSON serializable

❌ Error: Object of type float32 is not JSON serializable
Traceback (most recent call last):
  File "/home/node/.openclaw/workspace/polymarket-predictor/predictor.py", line 442, in main
    save_results(results)
  File "/home/node/.openclaw/workspace/polymarket-predictor/predictor.py", line 349, in save_results
    json.dump(results, f, indent=2)
  File "/usr/lib/python3.11/json/__init__.py", line 179, in dump
    for chunk in iterable:
  File "/usr/lib/python3.11/json/encoder.py", line 432, in _iterencode
    yield from _iterencode_dict(o, _current_indent_level)
  File "/usr/lib/python3.11/json/encoder.py", line 406, in _iterencode_dict
    yield from chunks
  File "/usr/lib/python3.11/json/encoder.py", line 326, in _iterencode_list
    yield from chunks
  File "/usr/lib/python3.11/json/encoder.py", line 406, in _iterencode_dict
    yield from chunks
  File "/usr/lib/python3.11/json/encoder.py", line 439, in _iterencode
    o = _default(o)
        ^^^^^^^^^^^
  File "/usr/lib/python3.11/json/encoder.py", line 180, in default
    raise TypeError(f'Object of type {o.__class__.__name__} '
TypeError: Object of type float32 is not JSON serializable

❌ Error: Object of type float32 is not JSON serializable
Traceback (most recent call last):
  File "/home/node/.openclaw/workspace/polymarket-predictor/predictor.py", line 442, in main
    save_results(results)
  File "/home/node/.openclaw/workspace/polymarket-predictor/predictor.py", line 349, in save_results
    json.dump(results, f, indent=2)
  File "/usr/lib/python3.11/json/__init__.py", line 179, in dump
    for chunk in iterable:
  File "/usr/lib/python3.11/json/encoder.py", line 432, in _iterencode
    yield from _iterencode_dict(o, _current_indent_level)
  File "/usr/lib/python3.11/json/encoder.py", line 406, in _iterencode_dict
    yield from chunks
  File "/usr/lib/python3.11/json/encoder.py", line 326, in _iterencode_list
    yield from chunks
  File "/usr/lib/python3.11/json/encoder.py", line 406, in _iterencode_dict
    yield from chunks
  File "/usr/lib/python3.11/json/encoder.py", line 439, in _iterencode
    o = _default(o)
        ^^^^^^^^^^^
  File "/usr/lib/python3.11/json/encoder.py", line 180, in default
    raise TypeError(f'Object of type {o.__class__.__name__} '
TypeError: Object of type float32 is not JSON serializable

❌ Error: Object of type float32 is not JSON serializable
Traceback (most recent call last):
  File "/home/node/.openclaw/workspace/polymarket-predictor/predictor.py", line 442, in main
    save_results(results)
  File "/home/node/.openclaw/workspace/polymarket-predictor/predictor.py", line 349, in save_results
    json.dump(results, f, indent=2)
  File "/usr/lib/python3.11/json/__init__.py", line 179, in dump
    for chunk in iterable:
  File "/usr/lib/python3.11/json/encoder.py", line 432, in _iterencode
    yield from _iterencode_dict(o, _current_indent_level)
  File "/usr/lib/python3.11/json/encoder.py", line 406, in _iterencode_dict
    yield from chunks
  File "/usr/lib/python3.11/json/encoder.py", line 326, in _iterencode_list
    yield from chunks
  File "/usr/lib/python3.11/json/encoder.py", line 406, in _iterencode_dict
    yield from chunks
  File "/usr/lib/python3.11/json/encoder.py", line 439, in _iterencode
    o = _default(o)
        ^^^^^^^^^^^
  File "/usr/lib/python3.11/json/encoder.py", line 180, in default
    raise TypeError(f'Object of type {o.__class__.__name__} '
TypeError: Object of type float32 is not JSON serializable

❌ Error: Object of type float32 is not JSON serializable
Traceback (most recent call last):
  File "/home/node/.openclaw/workspace/polymarket-predictor/predictor.py", line 442, in main
    save_results(results)
  File "/home/node/.openclaw/workspace/polymarket-predictor/predictor.py", line 349, in save_results
    json.dump(results, f, indent=2)
  File "/usr/lib/python3.11/json/__init__.py", line 179, in dump
    for chunk in iterable:
  File "/usr/lib/python3.11/json/encoder.py", line 432, in _iterencode
    yield from _iterencode_dict(o, _current_indent_level)
  File "/usr/lib/python3.11/json/encoder.py", line 406, in _iterencode_dict
    yield from chunks
  File "/usr/lib/python3.11/json/encoder.py", line 326, in _iterencode_list
    yield from chunks
  File "/usr/lib/python3.11/json/encoder.py", line 406, in _iterencode_dict
    yield from chunks
  File "/usr/lib/python3.11/json/encoder.py", line 439, in _iterencode
    o = _default(o)
        ^^^^^^^^^^^
  File "/usr/lib/python3.11/json/encoder.py", line 180, in default
    raise TypeError(f'Object of type {o.__class__.__name__} '
TypeError: Object of type float32 is not JSON serializable

❌ Error: Object of type float32 is not JSON serializable
Traceback (most recent call last):
  File "/home/node/.openclaw/workspace/polymarket-predictor/predictor.py", line 442, in main
    save_results(results)
  File "/home/node/.openclaw/workspace/polymarket-predictor/predictor.py", line 349, in save_results
    json.dump(results, f, indent=2)
  File "/usr/lib/python3.11/json/__init__.py", line 179, in dump
    for chunk in iterable:
  File "/usr/lib/python3.11/json/encoder.py", line 432, in _iterencode
    yield from _iterencode_dict(o, _current_indent_level)
  File "/usr/lib/python3.11/json/encoder.py", line 406, in _iterencode_dict
    yield from chunks
  File "/usr/lib/python3.11/json/encoder.py", line 326, in _iterencode_list
    yield from chunks
  File "/usr/lib/python3.11/json/encoder.py", line 406, in _iterencode_dict
    yield from chunks
  File "/usr/lib/python3.11/json/encoder.py", line 439, in _iterencode
    o = _default(o)
        ^^^^^^^^^^^
  File "/usr/lib/python3.11/json/encoder.py", line 180, in default
    raise TypeError(f'Object of type {o.__class__.__name__} '
TypeError: Object of type float32 is not JSON serializable

❌ Error: Object of type float32 is not JSON serializable
Traceback (most recent call last):
  File "/home/node/.openclaw/workspace/polymarket-predictor/predictor.py", line 442, in main
    save_results(results)
  File "/home/node/.openclaw/workspace/polymarket-predictor/predictor.py", line 349, in save_results
    json.dump(results, f, indent=2)
  File "/usr/lib/python3.11/json/__init__.py", line 179, in dump
    for chunk in iterable:
  File "/usr/lib/python3.11/json/encoder.py", line 432, in _iterencode
    yield from _iterencode_dict(o, _current_indent_level)
  File "/usr/lib/python3.11/json/encoder.py", line 406, in _iterencode_dict
    yield from chunks
  File "/usr/lib/python3.11/json/encoder.py", line 326, in _iterencode_list
    yield from chunks
  File "/usr/lib/python3.11/json/encoder.py", line 406, in _iterencode_dict
    yield from chunks
  File "/usr/lib/python3.11/json/encoder.py", line 439, in _iterencode
    o = _default(o)
        ^^^^^^^^^^^
  File "/usr/lib/python3.11/json/encoder.py", line 180, in default
    raise TypeError(f'Object of type {o.__class__.__name__} '
TypeError: Object of type float32 is not JSON serializable

❌ Error: Object of type float32 is not JSON serializable
Traceback (most recent call last):
  File "/home/node/.openclaw/workspace/polymarket-predictor/predictor.py", line 442, in main
    save_results(results)
  File "/home/node/.openclaw/workspace/polymarket-predictor/predictor.py", line 349, in save_results
    json.dump(results, f, indent=2)
  File "/usr/lib/python3.11/json/__init__.py", line 179, in dump
    for chunk in iterable:
  File "/usr/lib/python3.11/json/encoder.py", line 432, in _iterencode
    yield from _iterencode_dict(o, _current_indent_level)
  File "/usr/lib/python3.11/json/encoder.py", line 406, in _iterencode_dict
    yield from chunks
  File "/usr/lib/python3.11/json/encoder.py", line 326, in _iterencode_list
    yield from chunks
  File "/usr/lib/python3.11/json/encoder.py", line 406, in _iterencode_dict
    yield from chunks
  File "/usr/lib/python3.11/json/encoder.py", line 439, in _iterencode
    o = _default(o)
        ^^^^^^^^^^^
  File "/usr/lib/python3.11/json/encoder.py", line 180, in default
    raise TypeError(f'Object of type {o.__class__.__name__} '
TypeError: Object of type float32 is not JSON serializable

❌ Error: Object of type float32 is not JSON serializable
Traceback (most recent call last):
  File "/home/node/.openclaw/workspace/polymarket-predictor/predictor.py", line 442, in main
    save_results(results)
  File "/home/node/.openclaw/workspace/polymarket-predictor/predictor.py", line 349, in save_results
    json.dump(results, f, indent=2)
  File "/usr/lib/python3.11/json/__init__.py", line 179, in dump
    for chunk in iterable:
  File "/usr/lib/python3.11/json/encoder.py", line 432, in _iterencode
    yield from _iterencode_dict(o, _current_indent_level)
  File "/usr/lib/python3.11/json/encoder.py", line 406, in _iterencode_dict
    yield from chunks
  File "/usr/lib/python3.11/json/encoder.py", line 326, in _iterencode_list
    yield from chunks
  File "/usr/lib/python3.11/json/encoder.py", line 406, in _iterencode_dict
    yield from chunks
  File "/usr/lib/python3.11/json/encoder.py", line 439, in _iterencode
    o = _default(o)
        ^^^^^^^^^^^
  File "/usr/lib/python3.11/json/encoder.py", line 180, in default
    raise TypeError(f'Object of type {o.__class__.__name__} '
TypeError: Object of type float32 is not JSON serializable

❌ Error: Object of type float32 is not JSON serializable
Traceback (most recent call last):
  File "/home/node/.openclaw/workspace/polymarket-predictor/predictor.py", line 442, in main
    save_results(results)
  File "/home/node/.openclaw/workspace/polymarket-predictor/predictor.py", line 349, in save_results
    json.dump(results, f, indent=2)
  File "/usr/lib/python3.11/json/__init__.py", line 179, in dump
    for chunk in iterable:
  File "/usr/lib/python3.11/json/encoder.py", line 432, in _iterencode
    yield from _iterencode_dict(o, _current_indent_level)
  File "/usr/lib/python3.11/json/encoder.py", line 406, in _iterencode_dict
    yield from chunks
  File "/usr/lib/python3.11/json/encoder.py", line 326, in _iterencode_list
    yield from chunks
  File "/usr/lib/python3.11/json/encoder.py", line 406, in _iterencode_dict
    yield from chunks
  File "/usr/lib/python3.11/json/encoder.py", line 439, in _iterencode
    o = _default(o)
        ^^^^^^^^^^^
  File "/usr/lib/python3.11/json/encoder.py", line 180, in default
    raise TypeError(f'Object of type {o.__class__.__name__} '
TypeError: Object of type float32 is not JSON serializable

❌ Error: Object of type float32 is not JSON serializable
Traceback (most recent call last):
  File "/home/node/.openclaw/workspace/polymarket-predictor/predictor.py", line 442, in main
    save_results(results)
  File "/home/node/.openclaw/workspace/polymarket-predictor/predictor.py", line 349, in save_results
    json.dump(results, f, indent=2)
  File "/usr/lib/python3.11/json/__init__.py", line 179, in dump
    for chunk in iterable:
  File "/usr/lib/python3.11/json/encoder.py", line 432, in _iterencode
    yield from _iterencode_dict(o, _current_indent_level)
  File "/usr/lib/python3.11/json/encoder.py", line 406, in _iterencode_dict
    yield from chunks
  File "/usr/lib/python3.11/json/encoder.py", line 326, in _iterencode_list
    yield from chunks
  File "/usr/lib/python3.11/json/encoder.py", line 406, in _iterencode_dict
    yield from chunks
  File "/usr/lib/python3.11/json/encoder.py", line 439, in _iterencode
    o = _default(o)
        ^^^^^^^^^^^
  File "/usr/lib/python3.11/json/encoder.py", line 180, in default
    raise TypeError(f'Object of type {o.__class__.__name__} '
TypeError: Object of type float32 is not JSON serializable

❌ Error: Object of type float32 is not JSON serializable
Traceback (most recent call last):
  File "/home/node/.openclaw/workspace/polymarket-predictor/predictor.py", line 442, in main
    save_results(results)
  File "/home/node/.openclaw/workspace/polymarket-predictor/predictor.py", line 349, in save_results
    json.dump(results, f, indent=2)
  File "/usr/lib/python3.11/json/__init__.py", line 179, in dump
    for chunk in iterable:
  File "/usr/lib/python3.11/json/encoder.py", line 432, in _iterencode
    yield from _iterencode_dict(o, _current_indent_level)
  File "/usr/lib/python3.11/json/encoder.py", line 406, in _iterencode_dict
    yield from chunks
  File "/usr/lib/python3.11/json/encoder.py", line 326, in _iterencode_list
    yield from chunks
  File "/usr/lib/python3.11/json/encoder.py", line 406, in _iterencode_dict
    yield from chunks
  File "/usr/lib/python3.11/json/encoder.py", line 439, in _iterencode
    o = _default(o)
        ^^^^^^^^^^^
  File "/usr/lib/python3.11/json/encoder.py", line 180, in default
    raise TypeError(f'Object of type {o.__class__.__name__} '
TypeError: Object of type float32 is not JSON serializable

❌ Error: Object of type float32 is not JSON serializable
Traceback (most recent call last):
  File "/home/node/.openclaw/workspace/polymarket-predictor/predictor.py", line 442, in main
    save_results(results)
  File "/home/node/.openclaw/workspace/polymarket-predictor/predictor.py", line 349, in save_results
    json.dump(results, f, indent=2)
  File "/usr/lib/python3.11/json/__init__.py", line 179, in dump
    for chunk in iterable:
  File "/usr/lib/python3.11/json/encoder.py", line 432, in _iterencode
    yield from _iterencode_dict(o, _current_indent_level)
  File "/usr/lib/python3.11/json/encoder.py", line 406, in _iterencode_dict
    yield from chunks
  File "/usr/lib/python3.11/json/encoder.py", line 326, in _iterencode_list
    yield from chunks
  File "/usr/lib/python3.11/json/encoder.py", line 406, in _iterencode_dict
    yield from chunks
  File "/usr/lib/python3.11/json/encoder.py", line 439, in _iterencode
    o = _default(o)
        ^^^^^^^^^^^
  File "/usr/lib/python3.11/json/encoder.py", line 180, in default
    raise TypeError(f'Object of type {o.__class__.__name__} '
TypeError: Object of type float32 is not JSON serializable

❌ Error: Object of type float32 is not JSON serializable
Traceback (most recent call last):
  File "/home/node/.openclaw/workspace/polymarket-predictor/predictor.py", line 442, in main
    save_results(results)
  File "/home/node/.openclaw/workspace/polymarket-predictor/predictor.py", line 349, in save_results
    json.dump(results, f, indent=2)
  File "/usr/lib/python3.11/json/__init__.py", line 179, in dump
    for chunk in iterable:
  File "/usr/lib/python3.11/json/encoder.py", line 432, in _iterencode
    yield from _iterencode_dict(o, _current_indent_level)
  File "/usr/lib/python3.11/json/encoder.py", line 406, in _iterencode_dict
    yield from chunks
  File "/usr/lib/python3.11/json/encoder.py", line 326, in _iterencode_list
    yield from chunks
  File "/usr/lib/python3.11/json/encoder.py", line 406, in _iterencode_dict
    yield from chunks
  File "/usr/lib/python3.11/json/encoder.py", line 439, in _iterencode
    o = _default(o)
        ^^^^^^^^^^^
  File "/usr/lib/python3.11/json/encoder.py", line 180, in default
    raise TypeError(f'Object of type {o.__class__.__name__} '
TypeError: Object of type float32 is not JSON serializable

❌ Error: Object of type float32 is not JSON serializable
Traceback (most recent call last):
  File "/home/node/.openclaw/workspace/polymarket-predictor/predictor.py", line 442, in main
    save_results(results)
  File "/home/node/.openclaw/workspace/polymarket-predictor/predictor.py", line 349, in save_results
    json.dump(results, f, indent=2)
  File "/usr/lib/python3.11/json/__init__.py", line 179, in dump
    for chunk in iterable:
  File "/usr/lib/python3.11/json/encoder.py", line 432, in _iterencode
    yield from _iterencode_dict(o, _current_indent_level)
  File "/usr/lib/python3.11/json/encoder.py", line 406, in _iterencode_dict
    yield from chunks
  File "/usr/lib/python3.11/json/encoder.py", line 326, in _iterencode_list
    yield from chunks
  File "/usr/lib/python3.11/json/encoder.py", line 406, in _iterencode_dict
    yield from chunks
  File "/usr/lib/python3.11/json/encoder.py", line 439, in _iterencode
    o = _default(o)
        ^^^^^^^^^^^
  File "/usr/lib/python3.11/json/encoder.py", line 180, in default
    raise TypeError(f'Object of type {o.__class__.__name__} '
TypeError: Object of type float32 is not JSON serializable

❌ Error: Object of type float32 is not JSON serializable
Traceback (most recent call last):
  File "/home/node/.openclaw/workspace/polymarket-predictor/predictor.py", line 442, in main
    save_results(results)
  File "/home/node/.openclaw/workspace/polymarket-predictor/predictor.py", line 349, in save_results
    json.dump(results, f, indent=2)
  File "/usr/lib/python3.11/json/__init__.py", line 179, in dump
    for chunk in iterable:
  File "/usr/lib/python3.11/json/encoder.py", line 432, in _iterencode
    yield from _iterencode_dict(o, _current_indent_level)
  File "/usr/lib/python3.11/json/encoder.py", line 406, in _iterencode_dict
    yield from chunks
  File "/usr/lib/python3.11/json/encoder.py", line 326, in _iterencode_list
    yield from chunks
  File "/usr/lib/python3.11/json/encoder.py", line 406, in _iterencode_dict
    yield from chunks
  File "/usr/lib/python3.11/json/encoder.py", line 439, in _iterencode
    o = _default(o)
        ^^^^^^^^^^^
  File "/usr/lib/python3.11/json/encoder.py", line 180, in default
    raise TypeError(f'Object of type {o.__class__.__name__} '
TypeError: Object of type float32 is not JSON serializable

❌ Error: Object of type float32 is not JSON serializable
Traceback (most recent call last):
  File "/home/node/.openclaw/workspace/polymarket-predictor/predictor.py", line 442, in main
    save_results(results)
  File "/home/node/.openclaw/workspace/polymarket-predictor/predictor.py", line 349, in save_results
    json.dump(results, f, indent=2)
  File "/usr/lib/python3.11/json/__init__.py", line 179, in dump
    for chunk in iterable:
  File "/usr/lib/python3.11/json/encoder.py", line 432, in _iterencode
    yield from _iterencode_dict(o, _current_indent_level)
  File "/usr/lib/python3.11/json/encoder.py", line 406, in _iterencode_dict
    yield from chunks
  File "/usr/lib/python3.11/json/encoder.py", line 326, in _iterencode_list
    yield from chunks
  File "/usr/lib/python3.11/json/encoder.py", line 406, in _iterencode_dict
    yield from chunks
  File "/usr/lib/python3.11/json/encoder.py", line 439, in _iterencode
    o = _default(o)
        ^^^^^^^^^^^
  File "/usr/lib/python3.11/json/encoder.py", line 180, in default
    raise TypeError(f'Object of type {o.__class__.__name__} '
TypeError: Object of type float32 is not JSON serializable

❌ Error: Object of type float32 is not JSON serializable
Traceback (most recent call last):
  File "/home/node/.openclaw/workspace/polymarket-predictor/predictor.py", line 442, in main
    save_results(results)
  File "/home/node/.openclaw/workspace/polymarket-predictor/predictor.py", line 349, in save_results
    json.dump(results, f, indent=2)
  File "/usr/lib/python3.11/json/__init__.py", line 179, in dump
    for chunk in iterable:
  File "/usr/lib/python3.11/json/encoder.py", line 432, in _iterencode
    yield from _iterencode_dict(o, _current_indent_level)
  File "/usr/lib/python3.11/json/encoder.py", line 406, in _iterencode_dict
    yield from chunks
  File "/usr/lib/python3.11/json/encoder.py", line 326, in _iterencode_list
    yield from chunks
  File "/usr/lib/python3.11/json/encoder.py", line 406, in _iterencode_dict
    yield from chunks
  File "/usr/lib/python3.11/json/encoder.py", line 439, in _iterencode
    o = _default(o)
        ^^^^^^^^^^^
  File "/usr/lib/python3.11/json/encoder.py", line 180, in default
    raise TypeError(f'Object of type {o.__class__.__name__} '
TypeError: Object of type float32 is not JSON serializable

❌ Error: Object of type float32 is not JSON serializable
Traceback (most recent call last):
  File "/home/node/.openclaw/workspace/polymarket-predictor/predictor.py", line 442, in main
    save_results(results)
  File "/home/node/.openclaw/workspace/polymarket-predictor/predictor.py", line 349, in save_results
    json.dump(results, f, indent=2)
  File "/usr/lib/python3.11/json/__init__.py", line 179, in dump
    for chunk in iterable:
  File "/usr/lib/python3.11/json/encoder.py", line 432, in _iterencode
    yield from _iterencode_dict(o, _current_indent_level)
  File "/usr/lib/python3.11/json/encoder.py", line 406, in _iterencode_dict
    yield from chunks
  File "/usr/lib/python3.11/json/encoder.py", line 326, in _iterencode_list
    yield from chunks
  File "/usr/lib/python3.11/json/encoder.py", line 406, in _iterencode_dict
    yield from chunks
  File "/usr/lib/python3.11/json/encoder.py", line 439, in _iterencode
    o = _default(o)
        ^^^^^^^^^^^
  File "/usr/lib/python3.11/json/encoder.py", line 180, in default
    raise TypeError(f'Object of type {o.__class__.__name__} '
TypeError: Object of type float32 is not JSON serializable

❌ Error: Object of type float32 is not JSON serializable
Traceback (most recent call last):
  File "/home/node/.openclaw/workspace/polymarket-predictor/predictor.py", line 442, in main
    save_results(results)
  File "/home/node/.openclaw/workspace/polymarket-predictor/predictor.py", line 349, in save_results
    json.dump(results, f, indent=2)
  File "/usr/lib/python3.11/json/__init__.py", line 179, in dump
    for chunk in iterable:
  File "/usr/lib/python3.11/json/encoder.py", line 432, in _iterencode
    yield from _iterencode_dict(o, _current_indent_level)
  File "/usr/lib/python3.11/json/encoder.py", line 406, in _iterencode_dict
    yield from chunks
  File "/usr/lib/python3.11/json/encoder.py", line 326, in _iterencode_list
    yield from chunks
  File "/usr/lib/python3.11/json/encoder.py", line 406, in _iterencode_dict
    yield from chunks
  File "/usr/lib/python3.11/json/encoder.py", line 439, in _iterencode
    o = _default(o)
        ^^^^^^^^^^^
  File "/usr/lib/python3.11/json/encoder.py", line 180, in default
    raise TypeError(f'Object of type {o.__class__.__name__} '
TypeError: Object of type float32 is not JSON serializable

❌ Error: Object of type float32 is not JSON serializable
Traceback (most recent call last):
  File "/home/node/.openclaw/workspace/polymarket-predictor/predictor.py", line 442, in main
    save_results(results)
  File "/home/node/.openclaw/workspace/polymarket-predictor/predictor.py", line 349, in save_results
    json.dump(results, f, indent=2)
  File "/usr/lib/python3.11/json/__init__.py", line 179, in dump
    for chunk in iterable:
  File "/usr/lib/python3.11/json/encoder.py", line 432, in _iterencode
    yield from _iterencode_dict(o, _current_indent_level)
  File "/usr/lib/python3.11/json/encoder.py", line 406, in _iterencode_dict
    yield from chunks
  File "/usr/lib/python3.11/json/encoder.py", line 326, in _iterencode_list
    yield from chunks
  File "/usr/lib/python3.11/json/encoder.py", line 406, in _iterencode_dict
    yield from chunks
  File "/usr/lib/python3.11/json/encoder.py", line 439, in _iterencode
    o = _default(o)
        ^^^^^^^^^^^
  File "/usr/lib/python3.11/json/encoder.py", line 180, in default
    raise TypeError(f'Object of type {o.__class__.__name__} '
TypeError: Object of type float32 is not JSON serializable

❌ Error: Object of type float32 is not JSON serializable
Traceback (most recent call last):
  File "/home/node/.openclaw/workspace/polymarket-predictor/predictor.py", line 442, in main
    save_results(results)
  File "/home/node/.openclaw/workspace/polymarket-predictor/predictor.py", line 349, in save_results
    json.dump(results, f, indent=2)
  File "/usr/lib/python3.11/json/__init__.py", line 179, in dump
    for chunk in iterable:
  File "/usr/lib/python3.11/json/encoder.py", line 432, in _iterencode
    yield from _iterencode_dict(o, _current_indent_level)
  File "/usr/lib/python3.11/json/encoder.py", line 406, in _iterencode_dict
    yield from chunks
  File "/usr/lib/python3.11/json/encoder.py", line 326, in _iterencode_list
    yield from chunks
  File "/usr/lib/python3.11/json/encoder.py", line 406, in _iterencode_dict
    yield from chunks
  File "/usr/lib/python3.11/json/encoder.py", line 439, in _iterencode
    o = _default(o)
        ^^^^^^^^^^^
  File "/usr/lib/python3.11/json/encoder.py", line 180, in default
    raise TypeError(f'Object of type {o.__class__.__name__} '
TypeError: Object of type float32 is not JSON serializable

❌ Error: Object of type float32 is not JSON serializable
Traceback (most recent call last):
  File "/home/node/.openclaw/workspace/polymarket-predictor/predictor.py", line 442, in main
    save_results(results)
  File "/home/node/.openclaw/workspace/polymarket-predictor/predictor.py", line 349, in save_results
    json.dump(results, f, indent=2)
  File "/usr/lib/python3.11/json/__init__.py", line 179, in dump
    for chunk in iterable:
  File "/usr/lib/python3.11/json/encoder.py", line 432, in _iterencode
    yield from _iterencode_dict(o, _current_indent_level)
  File "/usr/lib/python3.11/json/encoder.py", line 406, in _iterencode_dict
    yield from chunks
  File "/usr/lib/python3.11/json/encoder.py", line 326, in _iterencode_list
    yield from chunks
  File "/usr/lib/python3.11/json/encoder.py", line 406, in _iterencode_dict
    yield from chunks
  File "/usr/lib/python3.11/json/encoder.py", line 439, in _iterencode
    o = _default(o)
        ^^^^^^^^^^^
  File "/usr/lib/python3.11/json/encoder.py", line 180, in default
    raise TypeError(f'Object of type {o.__class__.__name__} '
TypeError: Object of type float32 is not JSON serializable

❌ Error: Object of type float32 is not JSON serializable
Traceback (most recent call last):
  File "/home/node/.openclaw/workspace/polymarket-predictor/predictor.py", line 442, in main
    save_results(results)
  File "/home/node/.openclaw/workspace/polymarket-predictor/predictor.py", line 349, in save_results
    json.dump(results, f, indent=2)
  File "/usr/lib/python3.11/json/__init__.py", line 179, in dump
    for chunk in iterable:
  File "/usr/lib/python3.11/json/encoder.py", line 432, in _iterencode
    yield from _iterencode_dict(o, _current_indent_level)
  File "/usr/lib/python3.11/json/encoder.py", line 406, in _iterencode_dict
    yield from chunks
  File "/usr/lib/python3.11/json/encoder.py", line 326, in _iterencode_list
    yield from chunks
  File "/usr/lib/python3.11/json/encoder.py", line 406, in _iterencode_dict
    yield from chunks
  File "/usr/lib/python3.11/json/encoder.py", line 439, in _iterencode
    o = _default(o)
        ^^^^^^^^^^^
  File "/usr/lib/python3.11/json/encoder.py", line 180, in default
    raise TypeError(f'Object of type {o.__class__.__name__} '
TypeError: Object of type float32 is not JSON serializable

❌ Error: Object of type float32 is not JSON serializable
Traceback (most recent call last):
  File "/home/node/.openclaw/workspace/polymarket-predictor/predictor.py", line 442, in main
    save_results(results)
  File "/home/node/.openclaw/workspace/polymarket-predictor/predictor.py", line 349, in save_results
    json.dump(results, f, indent=2)
  File "/usr/lib/python3.11/json/__init__.py", line 179, in dump
    for chunk in iterable:
  File "/usr/lib/python3.11/json/encoder.py", line 432, in _iterencode
    yield from _iterencode_dict(o, _current_indent_level)
  File "/usr/lib/python3.11/json/encoder.py", line 406, in _iterencode_dict
    yield from chunks
  File "/usr/lib/python3.11/json/encoder.py", line 326, in _iterencode_list
    yield from chunks
  File "/usr/lib/python3.11/json/encoder.py", line 406, in _iterencode_dict
    yield from chunks
  File "/usr/lib/python3.11/json/encoder.py", line 439, in _iterencode
    o = _default(o)
        ^^^^^^^^^^^
  File "/usr/lib/python3.11/json/encoder.py", line 180, in default
    raise TypeError(f'Object of type {o.__class__.__name__} '
TypeError: Object of type float32 is not JSON serializable

❌ Error: Object of type float32 is not JSON serializable
Traceback (most recent call last):
  File "/home/node/.openclaw/workspace/polymarket-predictor/predictor.py", line 442, in main
    save_results(results)
  File "/home/node/.openclaw/workspace/polymarket-predictor/predictor.py", line 349, in save_results
    json.dump(results, f, indent=2)
  File "/usr/lib/python3.11/json/__init__.py", line 179, in dump
    for chunk in iterable:
  File "/usr/lib/python3.11/json/encoder.py", line 432, in _iterencode
    yield from _iterencode_dict(o, _current_indent_level)
  File "/usr/lib/python3.11/json/encoder.py", line 406, in _iterencode_dict
    yield from chunks
  File "/usr/lib/python3.11/json/encoder.py", line 326, in _iterencode_list
    yield from chunks
  File "/usr/lib/python3.11/json/encoder.py", line 406, in _iterencode_dict
    yield from chunks
  File "/usr/lib/python3.11/json/encoder.py", line 439, in _iterencode
    o = _default(o)
        ^^^^^^^^^^^
  File "/usr/lib/python3.11/json/encoder.py", line 180, in default
    raise TypeError(f'Object of type {o.__class__.__name__} '
TypeError: Object of type float32 is not JSON serializable

❌ Error: Object of type float32 is not JSON serializable
Traceback (most recent call last):
  File "/home/node/.openclaw/workspace/polymarket-predictor/predictor.py", line 442, in main
    save_results(results)
  File "/home/node/.openclaw/workspace/polymarket-predictor/predictor.py", line 349, in save_results
    json.dump(results, f, indent=2)
  File "/usr/lib/python3.11/json/__init__.py", line 179, in dump
    for chunk in iterable:
  File "/usr/lib/python3.11/json/encoder.py", line 432, in _iterencode
    yield from _iterencode_dict(o, _current_indent_level)
  File "/usr/lib/python3.11/json/encoder.py", line 406, in _iterencode_dict
    yield from chunks
  File "/usr/lib/python3.11/json/encoder.py", line 326, in _iterencode_list
    yield from chunks
  File "/usr/lib/python3.11/json/encoder.py", line 406, in _iterencode_dict
    yield from chunks
  File "/usr/lib/python3.11/json/encoder.py", line 439, in _iterencode
    o = _default(o)
        ^^^^^^^^^^^
  File "/usr/lib/python3.11/json/encoder.py", line 180, in default
    raise TypeError(f'Object of type {o.__class__.__name__} '
TypeError: Object of type float32 is not JSON serializable

❌ Error: Object of type float32 is not JSON serializable
Traceback (most recent call last):
  File "/home/node/.openclaw/workspace/polymarket-predictor/predictor.py", line 442, in main
    save_results(results)
  File "/home/node/.openclaw/workspace/polymarket-predictor/predictor.py", line 349, in save_results
    json.dump(results, f, indent=2)
  File "/usr/lib/python3.11/json/__init__.py", line 179, in dump
    for chunk in iterable:
  File "/usr/lib/python3.11/json/encoder.py", line 432, in _iterencode
    yield from _iterencode_dict(o, _current_indent_level)
  File "/usr/lib/python3.11/json/encoder.py", line 406, in _iterencode_dict
    yield from chunks
  File "/usr/lib/python3.11/json/encoder.py", line 326, in _iterencode_list
    yield from chunks
  File "/usr/lib/python3.11/json/encoder.py", line 406, in _iterencode_dict
    yield from chunks
  File "/usr/lib/python3.11/json/encoder.py", line 439, in _iterencode
    o = _default(o)
        ^^^^^^^^^^^
  File "/usr/lib/python3.11/json/encoder.py", line 180, in default
    raise TypeError(f'Object of type {o.__class__.__name__} '
TypeError: Object of type float32 is not JSON serializable

❌ Error: Object of type float32 is not JSON serializable
Traceback (most recent call last):
  File "/home/node/.openclaw/workspace/polymarket-predictor/predictor.py", line 442, in main
    save_results(results)
  File "/home/node/.openclaw/workspace/polymarket-predictor/predictor.py", line 349, in save_results
    json.dump(results, f, indent=2)
  File "/usr/lib/python3.11/json/__init__.py", line 179, in dump
    for chunk in iterable:
  File "/usr/lib/python3.11/json/encoder.py", line 432, in _iterencode
    yield from _iterencode_dict(o, _current_indent_level)
  File "/usr/lib/python3.11/json/encoder.py", line 406, in _iterencode_dict
    yield from chunks
  File "/usr/lib/python3.11/json/encoder.py", line 326, in _iterencode_list
    yield from chunks
  File "/usr/lib/python3.11/json/encoder.py", line 406, in _iterencode_dict
    yield from chunks
  File "/usr/lib/python3.11/json/encoder.py", line 439, in _iterencode
    o = _default(o)
        ^^^^^^^^^^^
  File "/usr/lib/python3.11/json/encoder.py", line 180, in default
    raise TypeError(f'Object of type {o.__class__.__name__} '
TypeError: Object of type float32 is not JSON serializable

❌ Error: Object of type float32 is not JSON serializable
Traceback (most recent call last):
  File "/home/node/.openclaw/workspace/polymarket-predictor/predictor.py", line 442, in main
    save_results(results)
  File "/home/node/.openclaw/workspace/polymarket-predictor/predictor.py", line 349, in save_results
    json.dump(results, f, indent=2)
  File "/usr/lib/python3.11/json/__init__.py", line 179, in dump
    for chunk in iterable:
  File "/usr/lib/python3.11/json/encoder.py", line 432, in _iterencode
    yield from _iterencode_dict(o, _current_indent_level)
  File "/usr/lib/python3.11/json/encoder.py", line 406, in _iterencode_dict
    yield from chunks
  File "/usr/lib/python3.11/json/encoder.py", line 326, in _iterencode_list
    yield from chunks
  File "/usr/lib/python3.11/json/encoder.py", line 406, in _iterencode_dict
    yield from chunks
  File "/usr/lib/python3.11/json/encoder.py", line 439, in _iterencode
    o = _default(o)
        ^^^^^^^^^^^
  File "/usr/lib/python3.11/json/encoder.py", line 180, in default
    raise TypeError(f'Object of type {o.__class__.__name__} '
TypeError: Object of type float32 is not JSON serializable

❌ Error: Object of type float32 is not JSON serializable
Traceback (most recent call last):
  File "/home/node/.openclaw/workspace/polymarket-predictor/predictor.py", line 442, in main
    save_results(results)
  File "/home/node/.openclaw/workspace/polymarket-predictor/predictor.py", line 349, in save_results
    json.dump(results, f, indent=2)
  File "/usr/lib/python3.11/json/__init__.py", line 179, in dump
    for chunk in iterable:
  File "/usr/lib/python3.11/json/encoder.py", line 432, in _iterencode
    yield from _iterencode_dict(o, _current_indent_level)
  File "/usr/lib/python3.11/json/encoder.py", line 406, in _iterencode_dict
    yield from chunks
  File "/usr/lib/python3.11/json/encoder.py", line 326, in _iterencode_list
    yield from chunks
  File "/usr/lib/python3.11/json/encoder.py", line 406, in _iterencode_dict
    yield from chunks
  File "/usr/lib/python3.11/json/encoder.py", line 439, in _iterencode
    o = _default(o)
        ^^^^^^^^^^^
  File "/usr/lib/python3.11/json/encoder.py", line 180, in default
    raise TypeError(f'Object of type {o.__class__.__name__} '
TypeError: Object of type float32 is not JSON serializable
============================================================
Polymarket BTC Up/Down Paper Trading Bot
============================================================
Fetching 2000 candles from KuCoin...
  Fetched batch, total: 1500 candles
  Fetched batch, total: 3000 candles
Total unique candles: 3000
Training XGBoost model...
  Training samples: 1949, up ratio: 0.522, regime: normal
  Model trained (#1)

Bot started. Last candle: 2026-02-19 18:15:00+00:00
Waiting for next 5-min candle...


[18:20] ⚪ SKIP (prob=0.420) | BTC=$66,555

[18:25] 🔴 PREDICT DOWN | conf=0.662 | BTC=$66,844 | market=N/A
  ✓ RESULT: LOSS | Pred: DOWN | Actual: UP | BTC: 66844→66888 | Conf: 0.662
  📊 Record: 0W-1L (0.0%) | PnL: $-1.0 | Regime: normal

[18:30] 🔴 PREDICT DOWN | conf=0.756 | BTC=$66,888 | market=N/A
